################################################################################
#                                                                              #
#      IAR Universal Linker V4.60I/386                                         #
#                                                                              #
#           Link time     =  12/May/2011  20:58:18                             #
#           Target CPU    =  ARM                                               #
#           List file     =  D:\Billy_Zhang\Desktop\15◊ÈµÁƒ‘ Û≥Ã–Ú\11◊ÈµÁƒ‘ Û≥ #
#                            Ã–Ú\Maze_12c12\Debug\List\Maze.map                #
#           Output file 1 =  D:\Billy_Zhang\Desktop\15◊ÈµÁƒ‘ Û≥Ã–Ú\11◊ÈµÁƒ‘ Û≥ #
#                            Ã–Ú\Maze_12c12\Debug\Exe\Maze.d79                 #
#                            Format: debug                                     #
#                            UBROF version 10.0.2                              #
#                            Using library modules for C-SPY (-rt)             #
#           Output file 2 =  D:\Billy_Zhang\Desktop\15◊ÈµÁƒ‘ Û≥Ã–Ú\11◊ÈµÁƒ‘ Û≥ #
#                            Ã–Ú\Maze_12c12\Debug\Exe\Maze.sim                 #
#                            Format: simple-code                               #
#           Command line  =  D:\Billy_Zhang\Desktop\15◊ÈµÁƒ‘ Û≥Ã–Ú\11◊ÈµÁƒ‘ Û≥ #
#                            Ã–Ú\Maze_12c12\Debug\Obj\Mouse_Drive.r79          #
#                            D:\Billy_Zhang\Desktop\15◊ÈµÁƒ‘ Û≥Ã–Ú\11◊ÈµÁƒ‘ Û≥ #
#                            Ã–Ú\Maze_12c12\Debug\Obj\maze.r79                 #
#                            D:\Billy_Zhang\Desktop\15◊ÈµÁƒ‘ Û≥Ã–Ú\11◊ÈµÁƒ‘ Û≥ #
#                            Ã–Ú\Maze_12c12\Debug\Obj\startup.r79              #
#                            D:\Billy_Zhang\Desktop\15◊ÈµÁƒ‘ Û≥Ã–Ú\11◊ÈµÁƒ‘ Û≥ #
#                            Ã–Ú\Maze_12c12\Debug\Obj\zlg7289.r79              #
#                            "D:\Program Files\IAR Systems\Embedded Workbench  #
#                            4.0 Kickstart\arm\lib\Luminary\driverlib.r79"     #
#                            -o                                                #
#                            D:\Billy_Zhang\Desktop\15◊ÈµÁƒ‘ Û≥Ã–Ú\11◊ÈµÁƒ‘ Û≥ #
#                            Ã–Ú\Maze_12c12\Debug\Exe\Maze.d79                 #
#                            -l                                                #
#                            D:\Billy_Zhang\Desktop\15◊ÈµÁƒ‘ Û≥Ã–Ú\11◊ÈµÁƒ‘ Û≥ #
#                            Ã–Ú\Maze_12c12\Debug\List\Maze.map                #
#                            -xms                                              #
#                            "-ID:\Program Files\IAR Systems\Embedded Workbenc #
#                            h 4.0 Kickstart\arm\LIB\"                         #
#                            -f                                                #
#                            "D:\Program Files\IAR Systems\Embedded Workbench  #
#                            4.0 Kickstart\arm\config\lnk_LM3.xcl"             #
#                            (-carm -DROMSTART=00000000 -DROMEND=0003FFFF      #
#                            -DRAMSTART=20000000 -DRAMEND=2000FFFF             #
#                            -Z(CODE)INTVEC=ROMSTART-ROMEND                    #
#                            -Z(CODE)ICODE,DIFUNCT=ROMSTART-ROMEND             #
#                            -Z(CODE)CODE=ROMSTART-ROMEND                      #
#                            -Z(CONST)CODE_ID=ROMSTART-ROMEND                  #
#                            -Z(CONST)INITTAB,DATA_ID,DATA_C=ROMSTART-ROMEND   #
#                            -Z(CONST)CHECKSUM=ROMSTART-ROMEND                 #
#                            -Z(DATA)VTABLE=RAMSTART-RAMEND                    #
#                            -Z(DATA)DATA_I,DATA_Z,DATA_N=RAMSTART-RAMEND      #
#                            -Z(DATA)CODE_I=RAMSTART-RAMEND) -rt               #
#                            "D:\Program Files\IAR Systems\Embedded Workbench  #
#                            4.0 Kickstart\arm\LIB\dl7mptnnl8n.r79"            #
#                            -Osimple-code=D:\Billy_Zhang\Desktop\15◊ÈµÁƒ‘ Û≥Ã #
#                            –Ú\11◊ÈµÁƒ‘ Û≥Ã–Ú\Maze_12c12\Debug\Exe\Maze.sim   #
#                            -s ResetISR -e__write_buffered=__write            #
#                                                                              #
#                        Copyright 1987-2007 IAR Systems. All rights reserved. #
################################################################################





                ****************************************
                *                                      *
                *           CROSS REFERENCE            *
                *                                      *
                ****************************************

       Program entry at :           00006935  Relocatable, from module : startup




                ****************************************
                *                                      *
                *            RUNTIME MODEL             *
                *                                      *
                ****************************************

  StackAlign4   = USED
  __cpu_mode    = __pcs__thumb
  __data_model  = absolute
  __endian      = little
  __rt_version  = 6
  __thumb_aware = enabled



                ****************************************
                *                                      *
                *              MODULE MAP              *
                *                                      *
                ****************************************


  DEFINED ABSOLUTE ENTRIES
    *************************************************************************

  DEFINED ABSOLUTE ENTRIES
  PROGRAM MODULE, NAME : ?ABS_ENTRY_MOD

Absolute parts
           ENTRY                   ADDRESS         REF BY
           =====                   =======         ======
           RAMEND                  2000FFFF 
           RAMSTART                20000000 
           ROMEND                  0003FFFF 
           ROMSTART                00000000 
    *************************************************************************

  FILE NAME : D:\Billy_Zhang\Desktop\15◊ÈµÁƒ‘ Û≥Ã–Ú\11◊ÈµÁƒ‘ Û≥Ã–Ú\Maze_12c12\Debug\Obj\Mouse_Drive.r79
  PROGRAM MODULE, NAME : Mouse_Drive

  SEGMENTS IN THE MODULE
  ======================
DATA_Z
  Relative segment, address: 20001648 - 20001649 (0x2 bytes), align: 0
  Segment part 2.             Intra module refs:   Segment part 113
                                                   Segment part 114
           ENTRY                   ADDRESS         REF BY
           =====                   =======         ======
           GmcMouse                20001648        Segment part 32 (maze)
                                                   Segment part 33 (maze)
                                                   Segment part 45 (maze)
                                                   Segment part 46 (maze)
                                                   Segment part 53 (maze)
                                                   Segment part 54 (maze)
                                                   Segment part 61 (maze)
                                                   Segment part 62 (maze)
                                                   Segment part 69 (maze)
                                                   Segment part 70 (maze)
                                                   Segment part 77 (maze)
                                                   Segment part 78 (maze)
                                                   ShieldLoad (maze)
                                                   main (maze)
                                                   mapStepEdit (maze)
                                                   objecttest (maze)
                                                   process1 (maze)
                                                   process2 (maze)
    -------------------------------------------------------------------------
DATA_Z
  Relative segment, address: 2000164A - 2000164A (0x1 bytes), align: 0
  Segment part 3.             Intra module refs:   Segment part 112
           ENTRY                   ADDRESS         REF BY
           =====                   =======         ======
           GucMouseDir             2000164A        Segment part 31 (maze)
                                                   Segment part 50 (maze)
                                                   Segment part 58 (maze)
                                                   Segment part 66 (maze)
                                                   Segment part 74 (maze)
                                                   Segment part 79 (maze)
                                                   ShieldLoad (maze)
                                                   mapStepEdit (maze)
                                                   objecttest (maze)
    -------------------------------------------------------------------------
DATA_Z
  Relative segment, address: 20000208 - 20000307 (0x100 bytes), align: 2
  Segment part 4.             Intra module refs:   Segment part 124
           ENTRY                   ADDRESS         REF BY
           =====                   =======         ======
           GucMapBlock             20000208        Segment part 34 (maze)
                                                   Segment part 49 (maze)
                                                   Segment part 57 (maze)
                                                   Segment part 65 (maze)
                                                   Segment part 73 (maze)
                                                   Segment part 82 (maze)
                                                   ShieldLoad (maze)
                                                   calculmap (maze)
                                                   main (maze)
                                                   mapStepEdit (maze)
                                                   objecttest (maze)
                                                   process1 (maze)
                                                   process2 (maze)
    -------------------------------------------------------------------------
DATA_Z
  Relative segment, address: 20000308 - 20000317 (0x10 bytes), align: 2
  Segment part 5.             Intra module refs:   Segment part 105
                                                   Segment part 106
                                                   Segment part 40
                                                   Segment part 41
                                                   Segment part 44
                                                   Segment part 62
                                                   Segment part 63
                                                   Segment part 69
                                                   Segment part 72
                                                   Segment part 82
                                                   Segment part 95
                                                   Segment part 96
                                                   __leftMotorContr
                                                   mazeSearch
                                                   objectGoTo
           LOCAL                   ADDRESS         
           =====                   =======         
           __GmLeft                20000308 
    -------------------------------------------------------------------------
DATA_Z
  Relative segment, address: 20000318 - 20000327 (0x10 bytes), align: 2
  Segment part 6.             Intra module refs:   Segment part 104
                                                   Segment part 107
                                                   Segment part 108
                                                   Segment part 30
                                                   Segment part 35
                                                   Segment part 36
                                                   Segment part 37
                                                   Segment part 48
                                                   Segment part 49
                                                   Segment part 50
                                                   Segment part 65
                                                   Segment part 67
                                                   Segment part 71
                                                   Segment part 74
                                                   Segment part 77
                                                   Segment part 83
                                                   Segment part 98
                                                   Segment part 99
                                                   mazeSearch
                                                   objectGoTo
           LOCAL                   ADDRESS         
           =====                   =======         
           __GmRight               20000318 
    -------------------------------------------------------------------------
DATA_Z
  Relative segment, address: 2000164B - 2000164B (0x1 bytes), align: 0
  Segment part 7.             Intra module refs:   Segment part 103
                                                   Segment part 61
                                                   Segment part 70
                                                   mazeSearch
                                                   objectGoTo
           LOCAL                   ADDRESS         
           =====                   =======         
           __GucMouseState         2000164B 
    -------------------------------------------------------------------------
DATA_Z
  Relative segment, address: 20000328 - 20000967 (0x640 bytes), align: 2
  Segment part 8.             Intra module refs:   Segment part 131
                                                   Segment part 133
                                                   Segment part 45
                                                   Segment part 58
                                                   Segment part 59
           LOCAL                   ADDRESS         
           =====                   =======         
           __GuiAccelTable         20000328 
    -------------------------------------------------------------------------
DATA_I
  Relative segment, address: 20000000 - 20000003 (0x4 bytes), align: 2
  Segment part 9.             Intra module refs:   Segment part 43
                                                   Segment part 76
                                                   mazeSearch
                                                   objectGoTo
           LOCAL                   ADDRESS         
           =====                   =======         
           __GiMaxSpeed            20000000 
    -------------------------------------------------------------------------
DATA_Z
  Relative segment, address: 20000968 - 2000096F (0x8 bytes), align: 2
  Segment part 11.            Intra module refs:   Segment part 116
                                                   Segment part 117
                                                   Segment part 118
                                                   Segment part 119
                                                   Segment part 120
                                                   Segment part 141
                                                   Segment part 53
                                                   Segment part 54
                                                   Segment part 55
                                                   Segment part 56
                                                   Segment part 87
                                                   Segment part 88
                                                   Segment part 91
                                                   Segment part 92
                                                   Segment part 93
                                                   mazeSearch
                                                   objectGoTo
           LOCAL                   ADDRESS         
           =====                   =======         
           __GucDistance           20000968 
    -------------------------------------------------------------------------
DATA_Z
  Relative segment, address: 2000164C - 2000164C (0x1 bytes), align: 0
  Segment part 12.            Intra module refs:   Segment part 102
                                                   Segment part 39
                                                   Segment part 73
                                                   mazeSearch
                                                   objectGoTo
           ENTRY                   ADDRESS         REF BY
           =====                   =======         ======
           speedcontrol            2000164C 
    -------------------------------------------------------------------------
DATA_Z
  Relative segment, address: 2000164D - 2000164D (0x1 bytes), align: 0
  Segment part 13.            Intra module refs:   Segment part 32
                                                   Segment part 75
           ENTRY                   ADDRESS         REF BY
           =====                   =======         ======
           motormethod             2000164D 
    -------------------------------------------------------------------------
DATA_Z
  Relative segment, address: 2000164E - 2000164E (0x1 bytes), align: 0
  Segment part 14.            Intra module refs:   Segment part 100
                                                   mazeSearch
           ENTRY                   ADDRESS         REF BY
           =====                   =======         ======
           turnflag                2000164E 
    -------------------------------------------------------------------------
DATA_I
  Relative segment, address: 20000204 - 20000204 (0x1 bytes), align: 0
  Segment part 15.            Intra module refs:   Segment part 42
                                                   Segment part 66
                                                   objectGoTo
           ENTRY                   ADDRESS         REF BY
           =====                   =======         ======
           turnbackspeed           20000204 
    -------------------------------------------------------------------------
CODE
  Relative segment, address: 000000F0 - 000000F9 (0xa bytes), align: 2
  Segment part 28.            Intra module refs:   keyCheck
           LOCAL                   ADDRESS         
           =====                   =======         
           __delay                 000000F1 
    -------------------------------------------------------------------------
CODE
  Relative segment, address: 000000FC - 0000021F (0x124 bytes), align: 2
  Segment part 29.            Intra module refs:   Timer0A_ISR
           LOCAL                   ADDRESS         
           =====                   =======         
           __rightMotorContr       000000FD 
               stack 1 = 00000000 ( 00000004 )
    -------------------------------------------------------------------------
CODE
  Relative segment, address: 00000220 - 00000223 (0x4 bytes), align: 2
  Segment part 30.            Intra module refs:   __rightMotorContr
    -------------------------------------------------------------------------
DATA_Z
  Relative segment, address: 2000164F - 2000164F (0x1 bytes), align: 0
  Segment part 17.            Intra module refs:   __rightMotorContr
           LOCAL                   ADDRESS         
           =====                   =======         
           __rightMotorContr::cStep
                                   2000164F 
    -------------------------------------------------------------------------
CODE
  Relative segment, address: 00000224 - 0000034B (0x128 bytes), align: 2
  Segment part 31.            Intra module refs:   Timer1A_ISR
           LOCAL                   ADDRESS         
           =====                   =======         
           __leftMotorContr        00000225 
               stack 1 = 00000000 ( 00000004 )
    -------------------------------------------------------------------------
CODE
  Relative segment, address: 0000034C - 0000034F (0x4 bytes), align: 2
  Segment part 32.            Intra module refs:   __leftMotorContr
                                                   __rightMotorContr
    -------------------------------------------------------------------------
CODE
  Relative segment, address: 00000350 - 00000353 (0x4 bytes), align: 2
  Segment part 33.            Intra module refs:   __leftMotorContr
                                                   __rightMotorContr
    -------------------------------------------------------------------------
DATA_Z
  Relative segment, address: 20001650 - 20001650 (0x1 bytes), align: 0
  Segment part 18.            Intra module refs:   __leftMotorContr
           LOCAL                   ADDRESS         
           =====                   =======         
           __leftMotorContr::cStep
                                   20001650 
    -------------------------------------------------------------------------
CODE
  Relative segment, address: 00000354 - 00000459 (0x106 bytes), align: 2
  Segment part 34.            Intra module refs:   Timer0A_ISR
           ENTRY                   ADDRESS         REF BY
           =====                   =======         ======
           __speedContrR           00000355 
               stack 1 = 00000000 ( 00000004 )
    -------------------------------------------------------------------------
CODE
  Relative segment, address: 0000045C - 0000045F (0x4 bytes), align: 2
  Segment part 35.            Intra module refs:   __speedContrR
    -------------------------------------------------------------------------
CODE
  Relative segment, address: 00000460 - 00000463 (0x4 bytes), align: 2
  Segment part 36.            Intra module refs:   __speedContrR
    -------------------------------------------------------------------------
CODE
  Relative segment, address: 00000464 - 00000467 (0x4 bytes), align: 2
  Segment part 37.            Intra module refs:   __speedContrR
    -------------------------------------------------------------------------
CODE
  Relative segment, address: 00000468 - 0000056D (0x106 bytes), align: 2
  Segment part 38.            Intra module refs:   Timer1A_ISR
           ENTRY                   ADDRESS         REF BY
           =====                   =======         ======
           __speedContrL           00000469 
               stack 1 = 00000000 ( 00000004 )
    -------------------------------------------------------------------------
CODE
  Relative segment, address: 00000570 - 00000573 (0x4 bytes), align: 2
  Segment part 39.            Intra module refs:   __speedContrL
                                                   __speedContrR
    -------------------------------------------------------------------------
CODE
  Relative segment, address: 00000574 - 00000577 (0x4 bytes), align: 2
  Segment part 40.            Intra module refs:   __speedContrL
    -------------------------------------------------------------------------
CODE
  Relative segment, address: 00000578 - 0000057B (0x4 bytes), align: 2
  Segment part 41.            Intra module refs:   __speedContrL
    -------------------------------------------------------------------------
CODE
  Relative segment, address: 0000057C - 0000057F (0x4 bytes), align: 2
  Segment part 42.            Intra module refs:   __speedContrL
                                                   __speedContrR
    -------------------------------------------------------------------------
CODE
  Relative segment, address: 00000580 - 00000583 (0x4 bytes), align: 2
  Segment part 43.            Intra module refs:   __speedContrL
                                                   __speedContrR
    -------------------------------------------------------------------------
CODE
  Relative segment, address: 00000584 - 00000587 (0x4 bytes), align: 2
  Segment part 44.            Intra module refs:   __speedContrL
    -------------------------------------------------------------------------
CODE
  Relative segment, address: 00000588 - 0000058B (0x4 bytes), align: 2
  Segment part 45.            Intra module refs:   __speedContrL
                                                   __speedContrR
    -------------------------------------------------------------------------
CODE
  Relative segment, address: 0000058C - 00000693 (0x108 bytes), align: 2
  Segment part 46.
           ENTRY                   ADDRESS         REF BY
           =====                   =======         ======
           Timer0A_ISR             0000058D        g_pfnVectors (startup)
               stack 1 = 00000000 ( 00000004 )
    -------------------------------------------------------------------------
CODE
  Relative segment, address: 00000694 - 00000697 (0x4 bytes), align: 2
  Segment part 47.            Intra module refs:   Timer0A_ISR
                                                   __speedContrR
    -------------------------------------------------------------------------
CODE
  Relative segment, address: 00000698 - 0000069B (0x4 bytes), align: 2
  Segment part 48.            Intra module refs:   Timer0A_ISR
    -------------------------------------------------------------------------
CODE
  Relative segment, address: 0000069C - 0000069F (0x4 bytes), align: 2
  Segment part 49.            Intra module refs:   Timer0A_ISR
    -------------------------------------------------------------------------
CODE
  Relative segment, address: 000006A0 - 000006A3 (0x4 bytes), align: 2
  Segment part 50.            Intra module refs:   Timer0A_ISR
    -------------------------------------------------------------------------
DATA_Z
  Relative segment, address: 20001651 - 20001651 (0x1 bytes), align: 0
  Segment part 19.            Intra module refs:   Timer0A_ISR
           LOCAL                   ADDRESS         
           =====                   =======         
           Timer0A_ISR::n          20001651 
    -------------------------------------------------------------------------
DATA_Z
  Relative segment, address: 20001652 - 20001652 (0x1 bytes), align: 0
  Segment part 20.            Intra module refs:   Timer0A_ISR
           LOCAL                   ADDRESS         
           =====                   =======         
           Timer0A_ISR::m          20001652 
    -------------------------------------------------------------------------
CODE
  Relative segment, address: 000006A4 - 000007AB (0x108 bytes), align: 2
  Segment part 51.
           ENTRY                   ADDRESS         REF BY
           =====                   =======         ======
           Timer1A_ISR             000006A5        g_pfnVectors (startup)
               stack 1 = 00000000 ( 00000004 )
    -------------------------------------------------------------------------
CODE
  Relative segment, address: 000007AC - 000007AF (0x4 bytes), align: 2
  Segment part 52.            Intra module refs:   Timer1A_ISR
                                                   __speedContrL
    -------------------------------------------------------------------------
CODE
  Relative segment, address: 000007B0 - 000007B3 (0x4 bytes), align: 2
  Segment part 53.            Intra module refs:   Timer0A_ISR
                                                   Timer1A_ISR
    -------------------------------------------------------------------------
CODE
  Relative segment, address: 000007B4 - 000007B7 (0x4 bytes), align: 2
  Segment part 54.            Intra module refs:   Timer0A_ISR
                                                   Timer1A_ISR
    -------------------------------------------------------------------------
CODE
  Relative segment, address: 000007B8 - 000007BB (0x4 bytes), align: 2
  Segment part 55.            Intra module refs:   Timer0A_ISR
                                                   Timer1A_ISR
    -------------------------------------------------------------------------
CODE
  Relative segment, address: 000007BC - 000007BF (0x4 bytes), align: 2
  Segment part 56.            Intra module refs:   Timer0A_ISR
                                                   Timer1A_ISR
    -------------------------------------------------------------------------
DATA_Z
  Relative segment, address: 20001653 - 20001653 (0x1 bytes), align: 0
  Segment part 21.            Intra module refs:   Timer1A_ISR
           LOCAL                   ADDRESS         
           =====                   =======         
           Timer1A_ISR::n          20001653 
    -------------------------------------------------------------------------
DATA_Z
  Relative segment, address: 20001654 - 20001654 (0x1 bytes), align: 0
  Segment part 22.            Intra module refs:   Timer1A_ISR
           LOCAL                   ADDRESS         
           =====                   =======         
           Timer1A_ISR::m          20001654 
    -------------------------------------------------------------------------
CODE
  Relative segment, address: 000007C0 - 0000083F (0x80 bytes), align: 2
  Segment part 57.            Intra module refs:   backTurnback
                                                   mouseTurnback
           ENTRY                   ADDRESS         REF BY
           =====                   =======         ======
           acc_change              000007C1 
               stack 1 = 00000000 ( 0000000C )
    -------------------------------------------------------------------------
CODE
  Relative segment, address: 00000840 - 00000843 (0x4 bytes), align: 2
  Segment part 58.            Intra module refs:   acc_change
    -------------------------------------------------------------------------
CODE
  Relative segment, address: 00000844 - 00000847 (0x4 bytes), align: 2
  Segment part 59.            Intra module refs:   acc_change
    -------------------------------------------------------------------------
CODE
  Relative segment, address: 00000848 - 000008AB (0x64 bytes), align: 2
  Segment part 60.            Intra module refs:   objectGoTo
           ENTRY                   ADDRESS         REF BY
           =====                   =======         ======
           backTurnright           00000849 
    -------------------------------------------------------------------------
CODE
  Relative segment, address: 000008AC - 000008AF (0x4 bytes), align: 2
  Segment part 61.            Intra module refs:   Timer0A_ISR
                                                   Timer1A_ISR
                                                   backTurnright
    -------------------------------------------------------------------------
CODE
  Relative segment, address: 000008B0 - 000008B3 (0x4 bytes), align: 2
  Segment part 62.            Intra module refs:   Timer1A_ISR
                                                   backTurnright
    -------------------------------------------------------------------------
CODE
  Relative segment, address: 000008B4 - 000008B7 (0x4 bytes), align: 2
  Segment part 63.            Intra module refs:   backTurnright
    -------------------------------------------------------------------------
CODE
  Relative segment, address: 000008B8 - 0000091B (0x64 bytes), align: 2
  Segment part 64.            Intra module refs:   objectGoTo
           ENTRY                   ADDRESS         REF BY
           =====                   =======         ======
           backTurnleft            000008B9 
    -------------------------------------------------------------------------
CODE
  Relative segment, address: 0000091C - 0000091F (0x4 bytes), align: 2
  Segment part 65.            Intra module refs:   backTurnleft
    -------------------------------------------------------------------------
CODE
  Relative segment, address: 00000920 - 00000923 (0x4 bytes), align: 2
  Segment part 66.            Intra module refs:   backTurnleft
                                                   backTurnright
    -------------------------------------------------------------------------
CODE
  Relative segment, address: 00000924 - 00000927 (0x4 bytes), align: 2
  Segment part 67.            Intra module refs:   backTurnleft
    -------------------------------------------------------------------------
CODE
  Relative segment, address: 00000928 - 000009AB (0x84 bytes), align: 2
  Segment part 68.            Intra module refs:   objectGoTo
           ENTRY                   ADDRESS         REF BY
           =====                   =======         ======
           backTurnback            00000929 
               stack 1 = 00000000 ( 00000004 )
    -------------------------------------------------------------------------
CODE
  Relative segment, address: 000009AC - 000009AF (0x4 bytes), align: 2
  Segment part 69.            Intra module refs:   Timer1A_ISR
                                                   backTurnback
                                                   backTurnleft
                                                   backTurnright
    -------------------------------------------------------------------------
CODE
  Relative segment, address: 000009B0 - 000009B3 (0x4 bytes), align: 2
  Segment part 70.            Intra module refs:   backTurnback
                                                   backTurnleft
    -------------------------------------------------------------------------
CODE
  Relative segment, address: 000009B4 - 000009B7 (0x4 bytes), align: 2
  Segment part 71.            Intra module refs:   backTurnback
                                                   backTurnleft
                                                   backTurnright
    -------------------------------------------------------------------------
CODE
  Relative segment, address: 000009B8 - 000009BB (0x4 bytes), align: 2
  Segment part 72.            Intra module refs:   Timer1A_ISR
                                                   backTurnback
                                                   backTurnleft
                                                   backTurnright
    -------------------------------------------------------------------------
CODE
  Relative segment, address: 000009BC - 000009BF (0x4 bytes), align: 2
  Segment part 73.            Intra module refs:   backTurnback
    -------------------------------------------------------------------------
CODE
  Relative segment, address: 000009C0 - 000009C3 (0x4 bytes), align: 2
  Segment part 74.            Intra module refs:   backTurnback
                                                   backTurnleft
                                                   backTurnright
    -------------------------------------------------------------------------
CODE
  Relative segment, address: 000009C4 - 000009C7 (0x4 bytes), align: 2
  Segment part 75.            Intra module refs:   backTurnback
    -------------------------------------------------------------------------
CODE
  Relative segment, address: 000009C8 - 000009CB (0x4 bytes), align: 2
  Segment part 76.            Intra module refs:   backTurnback
    -------------------------------------------------------------------------
CODE
  Relative segment, address: 000009CC - 000009CF (0x4 bytes), align: 2
  Segment part 77.            Intra module refs:   backTurnback
    -------------------------------------------------------------------------
CODE
  Relative segment, address: 000009D0 - 000009D3 (0x4 bytes), align: 2
  Segment part 78.            Intra module refs:   backTurnback
    -------------------------------------------------------------------------
CODE
  Relative segment, address: 000009D4 - 00001427 (0xa54 bytes), align: 2
  Segment part 79.
           ENTRY                   ADDRESS         REF BY
           =====                   =======         ======
           objectGoTo              000009D5        main (maze)
               stack 1 = 00000000 ( 00000018 )
    -------------------------------------------------------------------------
DATA_Z
  Relative segment, address: 20001655 - 20001655 (0x1 bytes), align: 0
  Segment part 23.            Intra module refs:   objectGoTo
           LOCAL                   ADDRESS         
           =====                   =======         
           objectGoTo::gapflag     20001655 
    -------------------------------------------------------------------------
CODE
  Relative segment, address: 00001428 - 000018E3 (0x4bc bytes), align: 2
  Segment part 80.
           ENTRY                   ADDRESS         REF BY
           =====                   =======         ======
           mazeSearch              00001429        main (maze)
               stack 1 = 00000000 ( 0000000C )
    -------------------------------------------------------------------------
CODE
  Relative segment, address: 000018E4 - 00001953 (0x70 bytes), align: 2
  Segment part 81.
           ENTRY                   ADDRESS         REF BY
           =====                   =======         ======
           SysTick_ISR             000018E5        g_pfnVectors (startup)
               stack 1 = 00000000 ( 00000004 )
    -------------------------------------------------------------------------
CODE
  Relative segment, address: 00001954 - 00001957 (0x4 bytes), align: 2
  Segment part 82.            Intra module refs:   SysTick_ISR
    -------------------------------------------------------------------------
CODE
  Relative segment, address: 00001958 - 0000195B (0x4 bytes), align: 2
  Segment part 83.            Intra module refs:   SysTick_ISR
    -------------------------------------------------------------------------
CODE
  Relative segment, address: 0000195C - 0000195F (0x4 bytes), align: 2
  Segment part 84.            Intra module refs:   SysTick_ISR
    -------------------------------------------------------------------------
DATA_Z
  Relative segment, address: 20000970 - 20000973 (0x4 bytes), align: 2
  Segment part 24.            Intra module refs:   SysTick_ISR
           LOCAL                   ADDRESS         
           =====                   =======         
           SysTick_ISR::iL         20000970 
    -------------------------------------------------------------------------
DATA_Z
  Relative segment, address: 20000974 - 20000977 (0x4 bytes), align: 2
  Segment part 25.            Intra module refs:   SysTick_ISR
           LOCAL                   ADDRESS         
           =====                   =======         
           SysTick_ISR::iR         20000974 
    -------------------------------------------------------------------------
CODE
  Relative segment, address: 00001960 - 000019B7 (0x58 bytes), align: 2
  Segment part 85.            Intra module refs:   __irCheck
           LOCAL                   ADDRESS         
           =====                   =======         
           __irSendFreq            00001961 
               stack 1 = 00000000 ( 0000000C )
    -------------------------------------------------------------------------
CODE
  Relative segment, address: 000019B8 - 00001B97 (0x1e0 bytes), align: 2
  Segment part 86.            Intra module refs:   SysTick_ISR
           LOCAL                   ADDRESS         
           =====                   =======         
           __irCheck               000019B9 
               stack 1 = 00000000 ( 00000004 )
    -------------------------------------------------------------------------
CODE
  Relative segment, address: 00001B98 - 00001B9B (0x4 bytes), align: 2
  Segment part 87.            Intra module refs:   __irCheck
    -------------------------------------------------------------------------
CODE
  Relative segment, address: 00001B9C - 00001B9F (0x4 bytes), align: 2
  Segment part 88.            Intra module refs:   __irCheck
    -------------------------------------------------------------------------
CODE
  Relative segment, address: 00001BA0 - 00001BA3 (0x4 bytes), align: 2
  Segment part 89.            Intra module refs:   __irCheck
    -------------------------------------------------------------------------
CODE
  Relative segment, address: 00001BA4 - 00001BA7 (0x4 bytes), align: 2
  Segment part 90.            Intra module refs:   __irCheck
                                                   __irSendFreq
    -------------------------------------------------------------------------
CODE
  Relative segment, address: 00001BA8 - 00001BAB (0x4 bytes), align: 2
  Segment part 91.            Intra module refs:   __irCheck
    -------------------------------------------------------------------------
CODE
  Relative segment, address: 00001BAC - 00001BAF (0x4 bytes), align: 2
  Segment part 92.            Intra module refs:   __irCheck
    -------------------------------------------------------------------------
CODE
  Relative segment, address: 00001BB0 - 00001BB3 (0x4 bytes), align: 2
  Segment part 93.            Intra module refs:   __irCheck
    -------------------------------------------------------------------------
DATA_Z
  Relative segment, address: 20001656 - 20001656 (0x1 bytes), align: 0
  Segment part 26.            Intra module refs:   __irCheck
           LOCAL                   ADDRESS         
           =====                   =======         
           __irCheck::ucState      20001656 
    -------------------------------------------------------------------------
DATA_Z
  Relative segment, address: 20001657 - 20001657 (0x1 bytes), align: 0
  Segment part 27.            Intra module refs:   __irCheck
           LOCAL                   ADDRESS         
           =====                   =======         
           __irCheck::ucIRCheck    20001657 
    -------------------------------------------------------------------------
CODE
  Relative segment, address: 00001BB4 - 00001C37 (0x84 bytes), align: 2
  Segment part 94.
           ENTRY                   ADDRESS         REF BY
           =====                   =======         ======
           mouseTurnright          00001BB5        frontLeftMethod (maze)
                                                   frontRightMethod (maze)
                                                   leftMethod (maze)
                                                   rightMethod (maze)
               stack 1 = 00000000 ( 00000004 )
    -------------------------------------------------------------------------
CODE
  Relative segment, address: 00001C38 - 00001C3B (0x4 bytes), align: 2
  Segment part 95.            Intra module refs:   mouseTurnright
    -------------------------------------------------------------------------
CODE
  Relative segment, address: 00001C3C - 00001C3F (0x4 bytes), align: 2
  Segment part 96.            Intra module refs:   mouseTurnright
    -------------------------------------------------------------------------
CODE
  Relative segment, address: 00001C40 - 00001CC3 (0x84 bytes), align: 2
  Segment part 97.
           ENTRY                   ADDRESS         REF BY
           =====                   =======         ======
           mouseTurnleft           00001C41        frontLeftMethod (maze)
                                                   frontRightMethod (maze)
                                                   leftMethod (maze)
                                                   rightMethod (maze)
               stack 1 = 00000000 ( 00000004 )
    -------------------------------------------------------------------------
CODE
  Relative segment, address: 00001CC4 - 00001CC7 (0x4 bytes), align: 2
  Segment part 98.            Intra module refs:   mouseTurnleft
    -------------------------------------------------------------------------
CODE
  Relative segment, address: 00001CC8 - 00001CCB (0x4 bytes), align: 2
  Segment part 99.            Intra module refs:   mouseTurnleft
    -------------------------------------------------------------------------
CODE
  Relative segment, address: 00001CCC - 00001CCF (0x4 bytes), align: 2
  Segment part 100.           Intra module refs:   mouseTurnleft
                                                   mouseTurnright
    -------------------------------------------------------------------------
CODE
  Relative segment, address: 00001CD0 - 00001D4B (0x7c bytes), align: 2
  Segment part 101.
           ENTRY                   ADDRESS         REF BY
           =====                   =======         ======
           mouseTurnback           00001CD1        main (maze)
               stack 1 = 00000000 ( 00000004 )
    -------------------------------------------------------------------------
CODE
  Relative segment, address: 00001D4C - 00001D4F (0x4 bytes), align: 2
  Segment part 102.           Intra module refs:   mouseTurnback
    -------------------------------------------------------------------------
CODE
  Relative segment, address: 00001D50 - 00001D53 (0x4 bytes), align: 2
  Segment part 103.           Intra module refs:   mouseTurnback
                                                   mouseTurnleft
                                                   mouseTurnright
    -------------------------------------------------------------------------
CODE
  Relative segment, address: 00001D54 - 00001D57 (0x4 bytes), align: 2
  Segment part 104.           Intra module refs:   mouseTurnback
                                                   mouseTurnleft
                                                   mouseTurnright
    -------------------------------------------------------------------------
CODE
  Relative segment, address: 00001D58 - 00001D5B (0x4 bytes), align: 2
  Segment part 105.           Intra module refs:   mouseTurnback
                                                   mouseTurnleft
                                                   mouseTurnright
    -------------------------------------------------------------------------
CODE
  Relative segment, address: 00001D5C - 00001D5F (0x4 bytes), align: 2
  Segment part 106.           Intra module refs:   mouseTurnback
                                                   mouseTurnleft
                                                   mouseTurnright
    -------------------------------------------------------------------------
CODE
  Relative segment, address: 00001D60 - 00001D63 (0x4 bytes), align: 2
  Segment part 107.           Intra module refs:   mouseTurnback
                                                   mouseTurnleft
                                                   mouseTurnright
    -------------------------------------------------------------------------
CODE
  Relative segment, address: 00001D64 - 00001D67 (0x4 bytes), align: 2
  Segment part 108.           Intra module refs:   mouseTurnback
    -------------------------------------------------------------------------
CODE
  Relative segment, address: 00001D68 - 00001D6B (0x4 bytes), align: 2
  Segment part 109.           Intra module refs:   mouseTurnback
    -------------------------------------------------------------------------
CODE
  Relative segment, address: 00001D6C - 00001DBF (0x54 bytes), align: 2
  Segment part 110.           Intra module refs:   mazeSearch
           LOCAL                   ADDRESS         
           =====                   =======         
           __mouseCoorUpdate       00001D6D 
               stack 1 = 00000000 ( 00000004 )
    -------------------------------------------------------------------------
CODE
  Relative segment, address: 00001DC0 - 00001E89 (0xca bytes), align: 2
  Segment part 111.           Intra module refs:   __mouseCoorUpdate
           LOCAL                   ADDRESS         
           =====                   =======         
           __wallCheck             00001DC1 
               stack 1 = 00000000 ( 00000008 )
    -------------------------------------------------------------------------
CODE
  Relative segment, address: 00001E8C - 00001E8F (0x4 bytes), align: 2
  Segment part 112.           Intra module refs:   __mouseCoorUpdate
                                                   __wallCheck
                                                   mouseTurnback
                                                   mouseTurnleft
                                                   mouseTurnright
    -------------------------------------------------------------------------
CODE
  Relative segment, address: 00001E90 - 00001E93 (0x4 bytes), align: 2
  Segment part 113.           Intra module refs:   __mouseCoorUpdate
                                                   __wallCheck
    -------------------------------------------------------------------------
CODE
  Relative segment, address: 00001E94 - 00001E97 (0x4 bytes), align: 2
  Segment part 114.           Intra module refs:   __mouseCoorUpdate
                                                   __wallCheck
    -------------------------------------------------------------------------
CODE
  Relative segment, address: 00001E98 - 00001EF5 (0x5e bytes), align: 2
  Segment part 115.
           ENTRY                   ADDRESS         REF BY
           =====                   =======         ======
           sensorDebug             00001E99        main (maze)
               stack 1 = 00000000 ( 00000004 )
    -------------------------------------------------------------------------
CODE
  Relative segment, address: 00001EF8 - 00001EFB (0x4 bytes), align: 2
  Segment part 116.           Intra module refs:   __wallCheck
                                                   sensorDebug
    -------------------------------------------------------------------------
CODE
  Relative segment, address: 00001EFC - 00001EFF (0x4 bytes), align: 2
  Segment part 117.           Intra module refs:   sensorDebug
    -------------------------------------------------------------------------
CODE
  Relative segment, address: 00001F00 - 00001F03 (0x4 bytes), align: 2
  Segment part 118.           Intra module refs:   __wallCheck
                                                   sensorDebug
    -------------------------------------------------------------------------
CODE
  Relative segment, address: 00001F04 - 00001F07 (0x4 bytes), align: 2
  Segment part 119.           Intra module refs:   sensorDebug
    -------------------------------------------------------------------------
CODE
  Relative segment, address: 00001F08 - 00001F0B (0x4 bytes), align: 2
  Segment part 120.           Intra module refs:   __wallCheck
                                                   sensorDebug
    -------------------------------------------------------------------------
CODE
  Relative segment, address: 00001F0C - 00001F33 (0x28 bytes), align: 2
  Segment part 121.
           ENTRY                   ADDRESS         REF BY
           =====                   =======         ======
           keyCheck                00001F0D        main (maze)
               stack 1 = 00000000 ( 00000004 )
    -------------------------------------------------------------------------
CODE
  Relative segment, address: 00001F34 - 00001FC7 (0x94 bytes), align: 2
  Segment part 122.
           ENTRY                   ADDRESS         REF BY
           =====                   =======         ======
           voltageDetect           00001F35        main (maze)
               stack 1 = 00000000 ( 00000008 )
    -------------------------------------------------------------------------
CODE
  Relative segment, address: 00001FC8 - 00002027 (0x60 bytes), align: 2
  Segment part 123.
           ENTRY                   ADDRESS         REF BY
           =====                   =======         ======
           mouseInit               00001FC9        main (maze)
               stack 1 = 00000000 ( 00000004 )
    -------------------------------------------------------------------------
CODE
  Relative segment, address: 00002028 - 0000202B (0x4 bytes), align: 2
  Segment part 124.           Intra module refs:   __wallCheck
                                                   mouseInit
    -------------------------------------------------------------------------
CODE
  Relative segment, address: 0000202C - 00002093 (0x68 bytes), align: 2
  Segment part 125.           Intra module refs:   mouseInit
           LOCAL                   ADDRESS         
           =====                   =======         
           __sensorInit            0000202D 
               stack 1 = 00000000 ( 00000004 )
    -------------------------------------------------------------------------
CODE
  Relative segment, address: 00002094 - 00002097 (0x4 bytes), align: 2
  Segment part 126.           Intra module refs:   __sensorInit
    -------------------------------------------------------------------------
CODE
  Relative segment, address: 00002098 - 0000209B (0x4 bytes), align: 2
  Segment part 127.           Intra module refs:   __sensorInit
    -------------------------------------------------------------------------
CODE
  Relative segment, address: 0000209C - 0000218B (0xf0 bytes), align: 2
  Segment part 128.           Intra module refs:   mouseInit
           LOCAL                   ADDRESS         
           =====                   =======         
           __stepMotorIint         0000209D 
               stack 1 = 00000000 ( 0000000C )
    -------------------------------------------------------------------------
CODE
  Relative segment, address: 0000218C - 0000218F (0x4 bytes), align: 2
  Segment part 129.           Intra module refs:   __stepMotorIint
    -------------------------------------------------------------------------
CODE
  Relative segment, address: 00002190 - 00002193 (0x4 bytes), align: 2
  Segment part 130.           Intra module refs:   __stepMotorIint
    -------------------------------------------------------------------------
CODE
  Relative segment, address: 00002194 - 00002197 (0x4 bytes), align: 2
  Segment part 131.           Intra module refs:   __stepMotorIint
    -------------------------------------------------------------------------
CODE
  Relative segment, address: 00002198 - 0000219B (0x4 bytes), align: 2
  Segment part 132.           Intra module refs:   __stepMotorIint
    -------------------------------------------------------------------------
CODE
  Relative segment, address: 0000219C - 0000219F (0x4 bytes), align: 2
  Segment part 133.           Intra module refs:   __stepMotorIint
    -------------------------------------------------------------------------
CODE
  Relative segment, address: 000021A0 - 000021A3 (0x4 bytes), align: 2
  Segment part 134.           Intra module refs:   __stepMotorIint
    -------------------------------------------------------------------------
CODE
  Relative segment, address: 000021A4 - 000021B1 (0xe bytes), align: 2
  Segment part 135.           Intra module refs:   mouseInit
           LOCAL                   ADDRESS         
           =====                   =======         
           __keyInit               000021A5 
               stack 1 = 00000000 ( 00000004 )
    -------------------------------------------------------------------------
CODE
  Relative segment, address: 000021B4 - 000021B7 (0x4 bytes), align: 2
  Segment part 136.           Intra module refs:   __keyInit
                                                   keyCheck
    -------------------------------------------------------------------------
CODE
  Relative segment, address: 000021B8 - 000021D3 (0x1c bytes), align: 2
  Segment part 137.           Intra module refs:   mouseInit
           LOCAL                   ADDRESS         
           =====                   =======         
           __sysTickInit           000021B9 
               stack 1 = 00000000 ( 00000004 )
    -------------------------------------------------------------------------
CODE
  Relative segment, address: 000021D4 - 0000220F (0x3c bytes), align: 2
  Segment part 138.           Intra module refs:   mouseInit
           LOCAL                   ADDRESS         
           =====                   =======         
           __ADCInit               000021D5 
               stack 1 = 00000000 ( 00000004 )
    -------------------------------------------------------------------------
CODE
  Relative segment, address: 00002210 - 00002213 (0x4 bytes), align: 2
  Segment part 139.           Intra module refs:   __ADCInit
                                                   voltageDetect
    -------------------------------------------------------------------------
CODE
  Relative segment, address: 00002214 - 00002223 (0x10 bytes), align: 2
  Segment part 140.
           ENTRY                   ADDRESS         REF BY
           =====                   =======         ======
           sanmianqiang            00002215        main (maze)
    -------------------------------------------------------------------------
CODE
  Relative segment, address: 00002224 - 00002227 (0x4 bytes), align: 2
  Segment part 141.           Intra module refs:   sanmianqiang
    -------------------------------------------------------------------------
DATA_ID
  Relative segment, address: 000074F0 - 000074F3 (0x4 bytes), align: 2
  Segment part 10.            Intra module refs:   __GiMaxSpeed
    -------------------------------------------------------------------------
DATA_ID
  Relative segment, address: 000076F4 - 000076F4 (0x1 bytes), align: 0
  Segment part 16.            Intra module refs:   turnbackspeed
    -------------------------------------------------------------------------
INITTAB
  Relative segment, address: 000074D8 - 000074E3 (0xc bytes), align: 2
  Segment part 182. ROOT.
           ENTRY                   ADDRESS         REF BY
           =====                   =======         ======
           ?init?tab?DATA_I        000074D8 
    -------------------------------------------------------------------------
INITTAB
  Relative segment, address: 000074E4 - 000074EF (0xc bytes), align: 2
  Segment part 183. ROOT.
           ENTRY                   ADDRESS         REF BY
           =====                   =======         ======
           ?init?tab?DATA_Z        000074E4 

    *************************************************************************

  FILE NAME : D:\Billy_Zhang\Desktop\15◊ÈµÁƒ‘ Û≥Ã–Ú\11◊ÈµÁƒ‘ Û≥Ã–Ú\Maze_12c12\Debug\Obj\maze.r79
  PROGRAM MODULE, NAME : maze

  SEGMENTS IN THE MODULE
  ======================
DATA_Z
  Relative segment, address: 20001658 - 20001658 (0x1 bytes), align: 0
  Segment part 3.             Intra module refs:   main
           ENTRY                   ADDRESS         REF BY
           =====                   =======         ======
           GucXStart               20001658 
    -------------------------------------------------------------------------
DATA_Z
  Relative segment, address: 20001659 - 20001659 (0x1 bytes), align: 0
  Segment part 4.             Intra module refs:   main
           ENTRY                   ADDRESS         REF BY
           =====                   =======         ======
           GucYStart               20001659 
    -------------------------------------------------------------------------
DATA_Z
  Relative segment, address: 2000165A - 2000165A (0x1 bytes), align: 0
  Segment part 5.             Intra module refs:   main
           ENTRY                   ADDRESS         REF BY
           =====                   =======         ======
           GucXGoal                2000165A 
    -------------------------------------------------------------------------
DATA_Z
  Relative segment, address: 2000165B - 2000165B (0x1 bytes), align: 0
  Segment part 6.             Intra module refs:   main
           ENTRY                   ADDRESS         REF BY
           =====                   =======         ======
           GucYGoal                2000165B 
    -------------------------------------------------------------------------
DATA_Z
  Relative segment, address: 2000165C - 2000165C (0x1 bytes), align: 0
  Segment part 7.             Intra module refs:   main
           ENTRY                   ADDRESS         REF BY
           =====                   =======         ======
           GucMouseTask            2000165C 
    -------------------------------------------------------------------------
DATA_I
  Relative segment, address: 20000004 - 20000203 (0x200 bytes), align: 2
  Segment part 8.             Intra module refs:   mapStepEdit
                                                   objecttest
           LOCAL                   ADDRESS         
           =====                   =======         
           GucMapStep              20000004 
    -------------------------------------------------------------------------
DATA_Z
  Relative segment, address: 20000978 - 20000B77 (0x200 bytes), align: 2
  Segment part 10.            Intra module refs:   Segment part 36
                                                   Segment part 37
                                                   Segment part 40
                                                   Segment part 41
                                                   ShieldLoad
                                                   mapStepEdit
                                                   objecttest
                                                   process1
                                                   process2
           LOCAL                   ADDRESS         
           =====                   =======         
           GmcStack                20000978 
    -------------------------------------------------------------------------
DATA_Z
  Relative segment, address: 20000B78 - 20000D77 (0x200 bytes), align: 2
  Segment part 11.            Intra module refs:   Segment part 85
                                                   main
           LOCAL                   ADDRESS         
           =====                   =======         
           GmcCrossway             20000B78 
    -------------------------------------------------------------------------
DATA_Z
  Relative segment, address: 2000165D - 2000165D (0x1 bytes), align: 0
  Segment part 12.            Intra module refs:   main
           ENTRY                   ADDRESS         REF BY
           =====                   =======         ======
           Gucstep                 2000165D        mouseInit (Mouse_Drive)
    -------------------------------------------------------------------------
DATA_Z
  Relative segment, address: 2000165E - 2000165E (0x1 bytes), align: 0
  Segment part 13.
           ENTRY                   ADDRESS         REF BY
           =====                   =======         ======
           GucDirFlag              2000165E        objectGoTo (Mouse_Drive)
    -------------------------------------------------------------------------
DATA_Z
  Relative segment, address: 2000165F - 2000165F (0x1 bytes), align: 0
  Segment part 14.            Intra module refs:   main
           ENTRY                   ADDRESS         REF BY
           =====                   =======         ======
           spurt_time              2000165F 
    -------------------------------------------------------------------------
DATA_Z
  Relative segment, address: 20001660 - 20001660 (0x1 bytes), align: 0
  Segment part 15.            Intra module refs:   main
           ENTRY                   ADDRESS         REF BY
           =====                   =======         ======
           maze_time               20001660 
    -------------------------------------------------------------------------
DATA_Z
  Relative segment, address: 20001661 - 20001661 (0x1 bytes), align: 0
  Segment part 16.            Intra module refs:   main
           ENTRY                   ADDRESS         REF BY
           =====                   =======         ======
           temp_x                  20001661 
    -------------------------------------------------------------------------
DATA_Z
  Relative segment, address: 20001662 - 20001662 (0x1 bytes), align: 0
  Segment part 17.            Intra module refs:   main
           ENTRY                   ADDRESS         REF BY
           =====                   =======         ======
           temp_y                  20001662 
    -------------------------------------------------------------------------
DATA_Z
  Relative segment, address: 20000D78 - 20000F77 (0x200 bytes), align: 2
  Segment part 18.            Intra module refs:   mapStepEdit
           ENTRY                   ADDRESS         REF BY
           =====                   =======         ======
           GuiStep                 20000D78        objectGoTo (Mouse_Drive)
    -------------------------------------------------------------------------
DATA_Z
  Relative segment, address: 20000F78 - 2000109B (0x124 bytes), align: 2
  Segment part 19.            Intra module refs:   ShieldLoad
           LOCAL                   ADDRESS         
           =====                   =======         
           GucMapLoad              20000F78 
    -------------------------------------------------------------------------
DATA_Z
  Relative segment, address: 2000109C - 200012DF (0x244 bytes), align: 2
  Segment part 20.            Intra module refs:   Segment part 38
                                                   Segment part 42
                                                   Segment part 86
                                                   ShieldLoad
                                                   process1
                                                   process2
           LOCAL                   ADDRESS         
           =====                   =======         
           GucAboveLoad            2000109C 
    -------------------------------------------------------------------------
DATA_Z
  Relative segment, address: 20001663 - 20001663 (0x1 bytes), align: 0
  Segment part 21.            Intra module refs:   Segment part 87
                                                   ShieldLoad
           LOCAL                   ADDRESS         
           =====                   =======         
           loadcount               20001663 
    -------------------------------------------------------------------------
DATA_Z
  Relative segment, address: 20001664 - 20001664 (0x1 bytes), align: 0
  Segment part 22.            Intra module refs:   ShieldLoad
                                                   main
           LOCAL                   ADDRESS         
           =====                   =======         
           uStartFlag              20001664 
    -------------------------------------------------------------------------
DATA_Z
  Relative segment, address: 20001665 - 20001665 (0x1 bytes), align: 0
  Segment part 23.            Intra module refs:   Segment part 47
                                                   Segment part 55
                                                   Segment part 63
                                                   Segment part 71
                                                   main
           LOCAL                   ADDRESS         
           =====                   =======         
           ushieldflag             20001665 
    -------------------------------------------------------------------------
DATA_Z
  Relative segment, address: 200012E0 - 20001403 (0x124 bytes), align: 2
  Segment part 24.            Intra module refs:   ShieldLoad
                                                   mapStepEdit
                                                   objecttest
           LOCAL                   ADDRESS         
           =====                   =======         
           Gucsave                 200012E0 
    -------------------------------------------------------------------------
DATA_Z
  Relative segment, address: 20001404 - 20001527 (0x124 bytes), align: 2
  Segment part 25.            Intra module refs:   ShieldLoad
           LOCAL                   ADDRESS         
           =====                   =======         
           GucMapFlag              20001404 
    -------------------------------------------------------------------------
DATA_Z
  Relative segment, address: 20001666 - 20001666 (0x1 bytes), align: 0
  Segment part 26.            Intra module refs:   Segment part 51
                                                   Segment part 59
                                                   Segment part 67
                                                   Segment part 75
                                                   objecttest
                                                   process1
                                                   process2
           LOCAL                   ADDRESS         
           =====                   =======         
           crosslenth              20001666 
    -------------------------------------------------------------------------
DATA_Z
  Relative segment, address: 20001528 - 20001547 (0x20 bytes), align: 2
  Segment part 27.            Intra module refs:   Segment part 48
                                                   Segment part 56
                                                   Segment part 64
                                                   Segment part 72
                                                   objecttest
                                                   process1
                                                   process2
           LOCAL                   ADDRESS         
           =====                   =======         
           Gmcshield               20001528 
    -------------------------------------------------------------------------
CODE
  Relative segment, address: 00002228 - 00002231 (0xa bytes), align: 2
  Segment part 28.            Intra module refs:   main
           ENTRY                   ADDRESS         REF BY
           =====                   =======         ======
           delay                   00002229 
    -------------------------------------------------------------------------
CODE
  Relative segment, address: 00002234 - 00002E83 (0xc50 bytes), align: 2
  Segment part 29.
           ENTRY                   ADDRESS         REF BY
           =====                   =======         ======
           mapStepEdit             00002235        objectGoTo (Mouse_Drive)
               stack 1 = 00000000 ( 00000024 )
    -------------------------------------------------------------------------
CODE
  Relative segment, address: 00002E84 - 00002F25 (0xa2 bytes), align: 2
  Segment part 30.            Intra module refs:   frontLeftMethod
                                                   frontRightMethod
                                                   leftMethod
                                                   objecttest
                                                   rightMethod
           LOCAL                   ADDRESS         
           =====                   =======         
           mazeBlockDataGet        00002E85 
               stack 1 = 00000000 ( 00000008 )
    -------------------------------------------------------------------------
CODE
  Relative segment, address: 00002F28 - 00002F2B (0x4 bytes), align: 2
  Segment part 31.            Intra module refs:   mazeBlockDataGet
    -------------------------------------------------------------------------
CODE
  Relative segment, address: 00002F2C - 00002F2F (0x4 bytes), align: 2
  Segment part 32.            Intra module refs:   mazeBlockDataGet
    -------------------------------------------------------------------------
CODE
  Relative segment, address: 00002F30 - 00002F33 (0x4 bytes), align: 2
  Segment part 33.            Intra module refs:   mazeBlockDataGet
    -------------------------------------------------------------------------
CODE
  Relative segment, address: 00002F34 - 00002F37 (0x4 bytes), align: 2
  Segment part 34.            Intra module refs:   mazeBlockDataGet
    -------------------------------------------------------------------------
CODE
  Relative segment, address: 00002F38 - 00003397 (0x460 bytes), align: 2
  Segment part 35.            Intra module refs:   ShieldLoad
           ENTRY                   ADDRESS         REF BY
           =====                   =======         ======
           process1                00002F39 
               stack 1 = 00000000 ( 00000010 )
    -------------------------------------------------------------------------
CODE
  Relative segment, address: 00003398 - 0000339B (0x4 bytes), align: 2
  Segment part 36.            Intra module refs:   process1
    -------------------------------------------------------------------------
CODE
  Relative segment, address: 0000339C - 0000339F (0x4 bytes), align: 2
  Segment part 37.            Intra module refs:   process1
    -------------------------------------------------------------------------
CODE
  Relative segment, address: 000033A0 - 000033A3 (0x4 bytes), align: 2
  Segment part 38.            Intra module refs:   process1
    -------------------------------------------------------------------------
CODE
  Relative segment, address: 000033A4 - 00003803 (0x460 bytes), align: 2
  Segment part 39.            Intra module refs:   ShieldLoad
           ENTRY                   ADDRESS         REF BY
           =====                   =======         ======
           process2                000033A5 
               stack 1 = 00000000 ( 00000010 )
    -------------------------------------------------------------------------
CODE
  Relative segment, address: 00003804 - 00003807 (0x4 bytes), align: 2
  Segment part 40.            Intra module refs:   process2
    -------------------------------------------------------------------------
CODE
  Relative segment, address: 00003808 - 0000380B (0x4 bytes), align: 2
  Segment part 41.            Intra module refs:   process2
    -------------------------------------------------------------------------
CODE
  Relative segment, address: 0000380C - 0000380F (0x4 bytes), align: 2
  Segment part 42.            Intra module refs:   process2
    -------------------------------------------------------------------------
CODE
  Relative segment, address: 00003810 - 0000443B (0xc2c bytes), align: 2
  Segment part 43.            Intra module refs:   frontLeftMethod
                                                   frontRightMethod
                                                   leftMethod
                                                   objecttest
                                                   rightMethod
           ENTRY                   ADDRESS         REF BY
           =====                   =======         ======
           ShieldLoad              00003811 
               stack 1 = 00000000 ( 00000020 )
    -------------------------------------------------------------------------
CODE
  Relative segment, address: 0000443C - 000046B5 (0x27a bytes), align: 2
  Segment part 44.            Intra module refs:   centralMethod
           LOCAL                   ADDRESS         
           =====                   =======         
           rightMethod             0000443D 
               stack 1 = 00000000 ( 0000000C )
    -------------------------------------------------------------------------
CODE
  Relative segment, address: 000046B8 - 000046BB (0x4 bytes), align: 2
  Segment part 45.            Intra module refs:   rightMethod
    -------------------------------------------------------------------------
CODE
  Relative segment, address: 000046BC - 000046BF (0x4 bytes), align: 2
  Segment part 46.            Intra module refs:   rightMethod
    -------------------------------------------------------------------------
CODE
  Relative segment, address: 000046C0 - 000046C3 (0x4 bytes), align: 2
  Segment part 47.            Intra module refs:   rightMethod
    -------------------------------------------------------------------------
CODE
  Relative segment, address: 000046C4 - 000046C7 (0x4 bytes), align: 2
  Segment part 48.            Intra module refs:   rightMethod
    -------------------------------------------------------------------------
CODE
  Relative segment, address: 000046C8 - 000046CB (0x4 bytes), align: 2
  Segment part 49.            Intra module refs:   rightMethod
    -------------------------------------------------------------------------
CODE
  Relative segment, address: 000046CC - 000046CF (0x4 bytes), align: 2
  Segment part 50.            Intra module refs:   rightMethod
    -------------------------------------------------------------------------
CODE
  Relative segment, address: 000046D0 - 000046D3 (0x4 bytes), align: 2
  Segment part 51.            Intra module refs:   rightMethod
    -------------------------------------------------------------------------
CODE
  Relative segment, address: 000046D4 - 0000494D (0x27a bytes), align: 2
  Segment part 52.            Intra module refs:   centralMethod
           LOCAL                   ADDRESS         
           =====                   =======         
           leftMethod              000046D5 
               stack 1 = 00000000 ( 0000000C )
    -------------------------------------------------------------------------
CODE
  Relative segment, address: 00004950 - 00004953 (0x4 bytes), align: 2
  Segment part 53.            Intra module refs:   leftMethod
    -------------------------------------------------------------------------
CODE
  Relative segment, address: 00004954 - 00004957 (0x4 bytes), align: 2
  Segment part 54.            Intra module refs:   leftMethod
    -------------------------------------------------------------------------
CODE
  Relative segment, address: 00004958 - 0000495B (0x4 bytes), align: 2
  Segment part 55.            Intra module refs:   leftMethod
    -------------------------------------------------------------------------
CODE
  Relative segment, address: 0000495C - 0000495F (0x4 bytes), align: 2
  Segment part 56.            Intra module refs:   leftMethod
    -------------------------------------------------------------------------
CODE
  Relative segment, address: 00004960 - 00004963 (0x4 bytes), align: 2
  Segment part 57.            Intra module refs:   leftMethod
    -------------------------------------------------------------------------
CODE
  Relative segment, address: 00004964 - 00004967 (0x4 bytes), align: 2
  Segment part 58.            Intra module refs:   leftMethod
[...]
    -------------------------------------------------------------------------
CODE
  Relative segment, address: 00006D50 - 00006D6D (0x1e bytes), align: 2
  Segment part 23.
           ENTRY                   ADDRESS         REF BY
           =====                   =======         ======
           GPIOPinTypePWM          00006D51        __sensorInit (Mouse_Drive)
               stack 1 = 00000000 ( 0000000C )

    -------------------------------------------------------------------------
  LIBRARY MODULE, NAME : __lib_interrupt

  SEGMENTS IN THE MODULE
  ======================
CODE
  Relative segment, address: 00006D70 - 00006DE3 (0x74 bytes), align: 2
  Segment part 18.
           ENTRY                   ADDRESS         REF BY
           =====                   =======         ======
           IntEnable               00006D71        __stepMotorIint (Mouse_Drive)
    -------------------------------------------------------------------------
CODE
  Relative segment, address: 00006DE4 - 00006DE7 (0x4 bytes), align: 2
  Segment part 20.            Intra module refs:   IntEnable
    -------------------------------------------------------------------------
CODE
  Relative segment, address: 00006DE8 - 00006DEB (0x4 bytes), align: 2
  Segment part 21.            Intra module refs:   IntEnable

    -------------------------------------------------------------------------
  LIBRARY MODULE, NAME : __lib_pwm

  SEGMENTS IN THE MODULE
  ======================
CODE
  Relative segment, address: 00006DEC - 00006E17 (0x2c bytes), align: 2
  Segment part 2.
           ENTRY                   ADDRESS         REF BY
           =====                   =======         ======
           PWMGenConfigure         00006DED        __sensorInit (Mouse_Drive)
    -------------------------------------------------------------------------
CODE
  Relative segment, address: 00006E18 - 00006E2D (0x16 bytes), align: 2
  Segment part 3.
           ENTRY                   ADDRESS         REF BY
           =====                   =======         ======
           PWMGenPeriodSet         00006E19        __irSendFreq (Mouse_Drive)
    -------------------------------------------------------------------------
CODE
  Relative segment, address: 00006E30 - 00006E39 (0xa bytes), align: 2
  Segment part 5.
           ENTRY                   ADDRESS         REF BY
           =====                   =======         ======
           PWMGenEnable            00006E31        __irSendFreq (Mouse_Drive)
    -------------------------------------------------------------------------
CODE
  Relative segment, address: 00006E3C - 00006E45 (0xa bytes), align: 2
  Segment part 6.
           ENTRY                   ADDRESS         REF BY
           =====                   =======         ======
           PWMGenDisable           00006E3D        __irCheck (Mouse_Drive)
                                                   __sensorInit (Mouse_Drive)
    -------------------------------------------------------------------------
CODE
  Relative segment, address: 00006E48 - 00006E65 (0x1e bytes), align: 2
  Segment part 7.
           ENTRY                   ADDRESS         REF BY
           =====                   =======         ======
           PWMPulseWidthSet        00006E49        __irSendFreq (Mouse_Drive)
    -------------------------------------------------------------------------
CODE
  Relative segment, address: 00006E68 - 00006E7B (0x14 bytes), align: 2
  Segment part 13.
           ENTRY                   ADDRESS         REF BY
           =====                   =======         ======
           PWMOutputState          00006E69        __sensorInit (Mouse_Drive)

    -------------------------------------------------------------------------
  LIBRARY MODULE, NAME : __lib_sysctl

  SEGMENTS IN THE MODULE
  ======================
DATA_C
  Relative segment, address: 000076F8 - 00007703 (0xc bytes), align: 2
  Segment part 4.             Intra module refs:   Segment part 16
           LOCAL                   ADDRESS         
           =====                   =======         
           g_pulRCGCRegs           000076F8 
    -------------------------------------------------------------------------
DATA_C
  Relative segment, address: 00007704 - 00007743 (0x40 bytes), align: 2
  Segment part 7.             Intra module refs:   SysCtlClockGet
           LOCAL                   ADDRESS         
           =====                   =======         
           g_pulXtals              00007704 
    -------------------------------------------------------------------------
CODE
  Relative segment, address: 00006E7C - 00006EA7 (0x2c bytes), align: 2
  Segment part 14.
           ENTRY                   ADDRESS         REF BY
           =====                   =======         ======
           SysCtlPeripheralEnable
                                   00006E7D        __ADCInit (Mouse_Drive)
                                                   __sensorInit (Mouse_Drive)
                                                   __stepMotorIint (Mouse_Drive)
                                                   mouseInit (Mouse_Drive)
                                                   zlg7289Init (zlg7289)
    -------------------------------------------------------------------------
CODE
  Relative segment, address: 00006EA8 - 00006EAB (0x4 bytes), align: 2
  Segment part 16.            Intra module refs:   SysCtlPeripheralEnable
    -------------------------------------------------------------------------
CODE
  Relative segment, address: 00006EAC - 00006EB3 (0x8 bytes), align: 2
  Segment part 42.            Intra module refs:   SysCtlClockSet
           LOCAL                   ADDRESS         
           =====                   =======         
           SysCtlDelay             00006EAD 
    -------------------------------------------------------------------------
CODE
  Relative segment, address: 00006EB4 - 00007007 (0x154 bytes), align: 2
  Segment part 43.
           ENTRY                   ADDRESS         REF BY
           =====                   =======         ======
           SysCtlClockSet          00006EB5        mouseInit (Mouse_Drive)
               stack 1 = 00000000 ( 00000010 )
    -------------------------------------------------------------------------
CODE
  Relative segment, address: 00007008 - 0000700B (0x4 bytes), align: 2
  Segment part 44.            Intra module refs:   SysCtlClockSet
    -------------------------------------------------------------------------
CODE
  Relative segment, address: 0000700C - 0000700F (0x4 bytes), align: 2
  Segment part 45.            Intra module refs:   SysCtlClockSet
    -------------------------------------------------------------------------
CODE
  Relative segment, address: 00007010 - 00007013 (0x4 bytes), align: 2
  Segment part 46.            Intra module refs:   SysCtlClockSet
    -------------------------------------------------------------------------
CODE
  Relative segment, address: 00007014 - 0000716B (0x158 bytes), align: 2
  Segment part 47.
           ENTRY                   ADDRESS         REF BY
           =====                   =======         ======
           SysCtlClockGet          00007015        __delayNuS (zlg7289)
                                                   __irSendFreq (Mouse_Drive)
                                                   __sysTickInit (Mouse_Drive)
               stack 1 = 00000000 ( 0000000C )
    -------------------------------------------------------------------------
CODE
  Relative segment, address: 0000716C - 0000716F (0x4 bytes), align: 2
  Segment part 48.            Intra module refs:   SysCtlClockGet
                                                   SysCtlClockSet
    -------------------------------------------------------------------------
CODE
  Relative segment, address: 00007170 - 00007173 (0x4 bytes), align: 2
  Segment part 49.            Intra module refs:   SysCtlClockGet
                                                   SysCtlClockSet
    -------------------------------------------------------------------------
CODE
  Relative segment, address: 00007174 - 00007185 (0x12 bytes), align: 2
  Segment part 50.
           ENTRY                   ADDRESS         REF BY
           =====                   =======         ======
           SysCtlPWMClockSet       00007175        __sensorInit (Mouse_Drive)
    -------------------------------------------------------------------------
CODE
  Relative segment, address: 00007188 - 000071C3 (0x3c bytes), align: 2
  Segment part 52.
           ENTRY                   ADDRESS         REF BY
           =====                   =======         ======
           SysCtlADCSpeedSet       00007189        __ADCInit (Mouse_Drive)
    -------------------------------------------------------------------------
CODE
  Relative segment, address: 000071C4 - 000071C7 (0x4 bytes), align: 2
  Segment part 54.            Intra module refs:   SysCtlADCSpeedSet
    -------------------------------------------------------------------------
CODE
  Relative segment, address: 000071C8 - 000071CB (0x4 bytes), align: 2
  Segment part 58.            Intra module refs:   SysCtlClockGet
                                                   SysCtlPWMClockSet

    -------------------------------------------------------------------------
  LIBRARY MODULE, NAME : __lib_systick

  SEGMENTS IN THE MODULE
  ======================
CODE
  Relative segment, address: 000071CC - 000071D9 (0xe bytes), align: 2
  Segment part 2.
           ENTRY                   ADDRESS         REF BY
           =====                   =======         ======
           SysTickEnable           000071CD        __sysTickInit (Mouse_Drive)
    -------------------------------------------------------------------------
CODE
  Relative segment, address: 000071DC - 000071E9 (0xe bytes), align: 2
  Segment part 6.
           ENTRY                   ADDRESS         REF BY
           =====                   =======         ======
           SysTickIntEnable        000071DD        __sysTickInit (Mouse_Drive)
    -------------------------------------------------------------------------
CODE
  Relative segment, address: 000071EC - 000071EF (0x4 bytes), align: 2
  Segment part 8.             Intra module refs:   SysTickEnable
                                                   SysTickIntEnable
    -------------------------------------------------------------------------
CODE
  Relative segment, address: 000071F0 - 000071F7 (0x8 bytes), align: 2
  Segment part 9.
           ENTRY                   ADDRESS         REF BY
           =====                   =======         ======
           SysTickPeriodSet        000071F1        __sysTickInit (Mouse_Drive)
    -------------------------------------------------------------------------
CODE
  Relative segment, address: 000071F8 - 000071FB (0x4 bytes), align: 2
  Segment part 11.            Intra module refs:   SysTickPeriodSet

    -------------------------------------------------------------------------
  LIBRARY MODULE, NAME : __lib_timer

  SEGMENTS IN THE MODULE
  ======================
CODE
  Relative segment, address: 000071FC - 00007207 (0xc bytes), align: 2
  Segment part 2.
           ENTRY                   ADDRESS         REF BY
           =====                   =======         ======
           TimerEnable             000071FD        __stepMotorIint (Mouse_Drive)
    -------------------------------------------------------------------------
CODE
  Relative segment, address: 00007208 - 0000720B (0x4 bytes), align: 2
  Segment part 4.             Intra module refs:   TimerEnable
    -------------------------------------------------------------------------
CODE
  Relative segment, address: 0000720C - 0000722F (0x24 bytes), align: 2
  Segment part 5.
           ENTRY                   ADDRESS         REF BY
           =====                   =======         ======
           TimerConfigure          0000720D        __stepMotorIint (Mouse_Drive)
    -------------------------------------------------------------------------
CODE
  Relative segment, address: 00007230 - 00007241 (0x12 bytes), align: 2
  Segment part 16.
           ENTRY                   ADDRESS         REF BY
           =====                   =======         ======
           TimerLoadSet            00007231        __speedContrL (Mouse_Drive)
                                                   __speedContrR (Mouse_Drive)
                                                   __stepMotorIint (Mouse_Drive)
    -------------------------------------------------------------------------
CODE
  Relative segment, address: 00007244 - 0000724B (0x8 bytes), align: 2
  Segment part 26.
           ENTRY                   ADDRESS         REF BY
           =====                   =======         ======
           TimerIntEnable          00007245        __stepMotorIint (Mouse_Drive)
    -------------------------------------------------------------------------
CODE
  Relative segment, address: 0000724C - 0000724F (0x4 bytes), align: 2
  Segment part 29.
           ENTRY                   ADDRESS         REF BY
           =====                   =======         ======
           TimerIntClear           0000724D        Timer0A_ISR (Mouse_Drive)
                                                   Timer1A_ISR (Mouse_Drive)

    *************************************************************************

  FILE NAME : D:\Program Files\IAR Systems\Embedded Workbench 4.0 Kickstart\arm\LIB\dl7mptnnl8n.r79
  LIBRARY MODULE, NAME : ?D_MulFloat

  SEGMENTS IN THE MODULE
  ======================
CODE
  Relative segment, address: 00007250 - 00007423 (0x1d4 bytes), align: 2
  Segment part 0.
           ENTRY                   ADDRESS         REF BY
           =====                   =======         ======
           __dMul                  00007251        acc_change (Mouse_Drive)
           __aeabi_dmul            00007251 

    -------------------------------------------------------------------------
  LIBRARY MODULE, NAME : __iar_SubNrmlX

  SEGMENTS IN THE MODULE
  ======================
CODE
  Relative segment, address: 00007424 - 0000745F (0x3c bytes), align: 2
  Segment part 0.
           ENTRY                   ADDRESS         REF BY
           =====                   =======         ======
           __iar_SubNrmlX          00007425        Segment part 0 (?D_MulFloat)
           __iar_SubNrmlY          00007443        Segment part 0 (?D_MulFloat)

    -------------------------------------------------------------------------
  LIBRARY MODULE, NAME : ?div_module

  SEGMENTS IN THE MODULE
  ======================
CODE
  Relative segment, address: 00007460 - 0000746B (0xc bytes), align: 2
  Segment part 2.
           ENTRY                   ADDRESS         REF BY
           =====                   =======         ======
           ??divu32_t              00007461        voltageDetect (Mouse_Drive)
    -------------------------------------------------------------------------
CODE
  Relative segment, address: 0000746C - 00007477 (0xc bytes), align: 2
  Segment part 5.
           ENTRY                   ADDRESS         REF BY
           =====                   =======         ======
           ??div32_t               0000746D        ShieldLoad (maze)
                                                   Timer0A_ISR (Mouse_Drive)
                                                   Timer1A_ISR (Mouse_Drive)
                                                   __irCheck (Mouse_Drive)
                                                   __leftMotorContr (Mouse_Drive)
                                                   __rightMotorContr (Mouse_Drive)
                                                   __wallCheck (Mouse_Drive)
                                                   frontLeftMethod (maze)
                                                   frontRightMethod (maze)
                                                   leftMethod (maze)
                                                   main (maze)
                                                   mapStepEdit (maze)
                                                   mazeBlockDataGet (maze)
                                                   mouseTurnback (Mouse_Drive)
                                                   mouseTurnleft (Mouse_Drive)
                                                   mouseTurnright (Mouse_Drive)
                                                   objecttest (maze)
                                                   rightMethod (maze)

    -------------------------------------------------------------------------
  LIBRARY MODULE, NAME : ?D_DOUBLE2ULONG

  SEGMENTS IN THE MODULE
  ======================
CODE
  Relative segment, address: 00007478 - 000074A1 (0x2a bytes), align: 2
  Segment part 0.
           ENTRY                   ADDRESS         REF BY
           =====                   =======         ======
           __aeabi_d2uiz           00007479 
           __doubleToUlong         00007479        acc_change (Mouse_Drive)
           __iar_DblToU32          00007483 

    -------------------------------------------------------------------------
  LIBRARY MODULE, NAME : ?D_LONG2DOUBLE

  SEGMENTS IN THE MODULE
  ======================
CODE
  Relative segment, address: 000074A4 - 000074B9 (0x16 bytes), align: 2
  Segment part 0.
           ENTRY                   ADDRESS         REF BY
           =====                   =======         ======
           __aeabi_i2d             000074A5 
           __longToDouble          000074A5        acc_change (Mouse_Drive)

    -------------------------------------------------------------------------
  LIBRARY MODULE, NAME : ?doubleSoftLIb

  SEGMENTS IN THE MODULE
  ======================
CODE
  Relative segment, address: 000074BC - 000074D7 (0x1c bytes), align: 2
  Segment part 0.
           ENTRY                   ADDRESS         REF BY
           =====                   =======         ======
           __aeabi_ui2d            000074BD 
           __ulongToDouble         000074BD 
           __iar_U32ToDbl          000074BF        Segment part 0 (?D_LONG2DOUBLE)




                ****************************************
                *                                      *
                *      SEGMENTS IN ADDRESS ORDER       *
                *                                      *
                ****************************************


SEGMENT              SPACE    START ADDRESS   END ADDRESS     SIZE  TYPE  ALIGN
=======              =====    =============   ===========     ====  ====  =====
INTVEC                             00000000 - 000000EF          F0   rel    2
CODE                               000000F0 - 000074D7        73E8   rel    2
INITTAB                            000074D8 - 000074EF          18   rel    2
DATA_ID                            000074F0 - 000076F4         205   rel    2
DATA_C                             000076F8 - 00007746          4F   rel    2
DATA_I                             20000000 - 20000204         205   rel    2
DATA_Z                             20000208 - 20001666        145F   rel    2

                ****************************************
                *                                      *
                *        END OF CROSS REFERENCE        *
                *                                      *
                ****************************************

 29 912 bytes of CODE  memory
  5 732 bytes of DATA  memory
    620 bytes of CONST memory

Errors: none
Warnings: none

